------------------------------------------------------------
TimeQuest Timing Analyzer Summary
------------------------------------------------------------

Type  : Slow 1100mV 85C Model Setup 'CLOCK_125_p'
Slack : -0.396
TNS   : -2.712

Type  : Slow 1100mV 85C Model Setup 'u0|lpddr2|pll0|pll_afi_clk'
Slack : 0.111
TNS   : 0.000

Type  : Slow 1100mV 85C Model Setup 'u0|lpddr2|pll0|pll_avl_clk'
Slack : 3.285
TNS   : 0.000

Type  : Slow 1100mV 85C Model Setup 'CLOCK_50_B7A'
Slack : 8.339
TNS   : 0.000

Type  : Slow 1100mV 85C Model Setup 'altera_reserved_tck'
Slack : 12.700
TNS   : 0.000

Type  : Slow 1100mV 85C Model Setup 'u0|lpddr2|pll0|pll_config_clk'
Slack : 16.296
TNS   : 0.000

Type  : Slow 1100mV 85C Model Setup 'u0|video_pll|altera_pll_i|general[0].gpll~PLL_OUTPUT_COUNTER|divclk'
Slack : 35.346
TNS   : 0.000

Type  : Slow 1100mV 85C Model Hold 'u0|lpddr2|pll0|pll_afi_clk'
Slack : 0.160
TNS   : 0.000

Type  : Slow 1100mV 85C Model Hold 'CLOCK_125_p'
Slack : 0.210
TNS   : 0.000

Type  : Slow 1100mV 85C Model Hold 'CLOCK_50_B7A'
Slack : 0.260
TNS   : 0.000

Type  : Slow 1100mV 85C Model Hold 'altera_reserved_tck'
Slack : 0.302
TNS   : 0.000

Type  : Slow 1100mV 85C Model Hold 'u0|lpddr2|pll0|pll_avl_clk'
Slack : 0.316
TNS   : 0.000

Type  : Slow 1100mV 85C Model Hold 'u0|lpddr2|pll0|pll_config_clk'
Slack : 0.318
TNS   : 0.000

Type  : Slow 1100mV 85C Model Hold 'u0|video_pll|altera_pll_i|general[0].gpll~PLL_OUTPUT_COUNTER|divclk'
Slack : 0.434
TNS   : 0.000

Type  : Slow 1100mV 85C Model Recovery 'u0|lpddr2|pll0|pll_afi_clk'
Slack : -4.531
TNS   : -71.688

Type  : Slow 1100mV 85C Model Recovery 'u0|lpddr2|pll0|pll_avl_clk'
Slack : -3.698
TNS   : -7.396

Type  : Slow 1100mV 85C Model Recovery 'u0|lpddr2|pll0|pll_config_clk'
Slack : -3.093
TNS   : -46.351

Type  : Slow 1100mV 85C Model Recovery 'CLOCK_125_p'
Slack : 1.032
TNS   : 0.000

Type  : Slow 1100mV 85C Model Recovery 'u0|video_pll|altera_pll_i|general[0].gpll~PLL_OUTPUT_COUNTER|divclk'
Slack : 3.254
TNS   : 0.000

Type  : Slow 1100mV 85C Model Recovery 'CLOCK_50_B7A'
Slack : 14.224
TNS   : 0.000

Type  : Slow 1100mV 85C Model Recovery 'altera_reserved_tck'
Slack : 14.307
TNS   : 0.000

Type  : Slow 1100mV 85C Model Removal 'u0|lpddr2|pll0|pll_avl_clk'
Slack : 0.004
TNS   : 0.000

Type  : Slow 1100mV 85C Model Removal 'u0|lpddr2|pll0|pll_afi_clk'
Slack : 0.369
TNS   : 0.000

Type  : Slow 1100mV 85C Model Removal 'CLOCK_125_p'
Slack : 0.641
TNS   : 0.000

Type  : Slow 1100mV 85C Model Removal 'CLOCK_50_B7A'
Slack : 0.660
TNS   : 0.000

Type  : Slow 1100mV 85C Model Removal 'u0|lpddr2|pll0|pll_config_clk'
Slack : 0.725
TNS   : 0.000

Type  : Slow 1100mV 85C Model Removal 'u0|video_pll|altera_pll_i|general[0].gpll~PLL_OUTPUT_COUNTER|divclk'
Slack : 0.935
TNS   : 0.000

Type  : Slow 1100mV 85C Model Removal 'altera_reserved_tck'
Slack : 1.090
TNS   : 0.000

Type  : Slow 1100mV 85C Model Minimum Pulse Width 'u0|lpddr2|pll0|pll_afi_clk'
Slack : 0.757
TNS   : 0.000

Type  : Slow 1100mV 85C Model Minimum Pulse Width 'u0|lpddr2|pll0|pll_dq_write_clk'
Slack : 0.810
TNS   : 0.000

Type  : Slow 1100mV 85C Model Minimum Pulse Width 'u0|lpddr2|ECE423_QSYS_lpddr2_p0_sampling_clock'
Slack : 1.512
TNS   : 0.000

Type  : Slow 1100mV 85C Model Minimum Pulse Width 'u0|video_pll|altera_pll_i|general[0].gpll~FRACTIONAL_PLL|vcoph[0]'
Slack : 1.666
TNS   : 0.000

Type  : Slow 1100mV 85C Model Minimum Pulse Width 'CLOCK_125_p'
Slack : 2.575
TNS   : 0.000

Type  : Slow 1100mV 85C Model Minimum Pulse Width 'u0|lpddr2|pll0|pll_avl_clk'
Slack : 6.141
TNS   : 0.000

Type  : Slow 1100mV 85C Model Minimum Pulse Width 'CLOCK_50_B7A'
Slack : 8.673
TNS   : 0.000

Type  : Slow 1100mV 85C Model Minimum Pulse Width 'CLOCK_50_B5B'
Slack : 9.731
TNS   : 0.000

Type  : Slow 1100mV 85C Model Minimum Pulse Width 'altera_reserved_tck'
Slack : 15.494
TNS   : 0.000

Type  : Slow 1100mV 85C Model Minimum Pulse Width 'u0|video_pll|altera_pll_i|general[0].gpll~PLL_OUTPUT_COUNTER|divclk'
Slack : 18.565
TNS   : 0.000

Type  : Slow 1100mV 85C Model Minimum Pulse Width 'u0|lpddr2|pll0|pll_config_clk'
Slack : 21.752
TNS   : 0.000

Type  : Slow 1100mV 0C Model Setup 'CLOCK_125_p'
Slack : -0.475
TNS   : -2.602

Type  : Slow 1100mV 0C Model Setup 'u0|lpddr2|pll0|pll_afi_clk'
Slack : 0.180
TNS   : 0.000

Type  : Slow 1100mV 0C Model Setup 'u0|lpddr2|pll0|pll_avl_clk'
Slack : 3.114
TNS   : 0.000

Type  : Slow 1100mV 0C Model Setup 'CLOCK_50_B7A'
Slack : 8.268
TNS   : 0.000

Type  : Slow 1100mV 0C Model Setup 'altera_reserved_tck'
Slack : 12.716
TNS   : 0.000

Type  : Slow 1100mV 0C Model Setup 'u0|lpddr2|pll0|pll_config_clk'
Slack : 16.121
TNS   : 0.000

Type  : Slow 1100mV 0C Model Setup 'u0|video_pll|altera_pll_i|general[0].gpll~PLL_OUTPUT_COUNTER|divclk'
Slack : 35.252
TNS   : 0.000

Type  : Slow 1100mV 0C Model Hold 'CLOCK_125_p'
Slack : 0.093
TNS   : 0.000

Type  : Slow 1100mV 0C Model Hold 'u0|lpddr2|pll0|pll_afi_clk'
Slack : 0.210
TNS   : 0.000

Type  : Slow 1100mV 0C Model Hold 'CLOCK_50_B7A'
Slack : 0.249
TNS   : 0.000

Type  : Slow 1100mV 0C Model Hold 'altera_reserved_tck'
Slack : 0.282
TNS   : 0.000

Type  : Slow 1100mV 0C Model Hold 'u0|lpddr2|pll0|pll_avl_clk'
Slack : 0.293
TNS   : 0.000

Type  : Slow 1100mV 0C Model Hold 'u0|lpddr2|pll0|pll_config_clk'
Slack : 0.305
TNS   : 0.000

Type  : Slow 1100mV 0C Model Hold 'u0|video_pll|altera_pll_i|general[0].gpll~PLL_OUTPUT_COUNTER|divclk'
Slack : 0.400
TNS   : 0.000

Type  : Slow 1100mV 0C Model Recovery 'u0|lpddr2|pll0|pll_afi_clk'
Slack : -4.367
TNS   : -69.637

Type  : Slow 1100mV 0C Model Recovery 'u0|lpddr2|pll0|pll_avl_clk'
Slack : -3.626
TNS   : -7.252

Type  : Slow 1100mV 0C Model Recovery 'u0|lpddr2|pll0|pll_config_clk'
Slack : -2.987
TNS   : -44.753

Type  : Slow 1100mV 0C Model Recovery 'CLOCK_125_p'
Slack : 1.216
TNS   : 0.000

Type  : Slow 1100mV 0C Model Recovery 'u0|video_pll|altera_pll_i|general[0].gpll~PLL_OUTPUT_COUNTER|divclk'
Slack : 3.523
TNS   : 0.000

Type  : Slow 1100mV 0C Model Recovery 'CLOCK_50_B7A'
Slack : 14.357
TNS   : 0.000

Type  : Slow 1100mV 0C Model Recovery 'altera_reserved_tck'
Slack : 14.511
TNS   : 0.000

Type  : Slow 1100mV 0C Model Removal 'u0|lpddr2|pll0|pll_avl_clk'
Slack : 0.060
TNS   : 0.000

Type  : Slow 1100mV 0C Model Removal 'u0|lpddr2|pll0|pll_afi_clk'
Slack : 0.272
TNS   : 0.000

Type  : Slow 1100mV 0C Model Removal 'CLOCK_125_p'
Slack : 0.456
TNS   : 0.000

Type  : Slow 1100mV 0C Model Removal 'CLOCK_50_B7A'
Slack : 0.604
TNS   : 0.000

Type  : Slow 1100mV 0C Model Removal 'u0|video_pll|altera_pll_i|general[0].gpll~PLL_OUTPUT_COUNTER|divclk'
Slack : 0.721
TNS   : 0.000

Type  : Slow 1100mV 0C Model Removal 'u0|lpddr2|pll0|pll_config_clk'
Slack : 0.734
TNS   : 0.000

Type  : Slow 1100mV 0C Model Removal 'altera_reserved_tck'
Slack : 0.990
TNS   : 0.000

Type  : Slow 1100mV 0C Model Minimum Pulse Width 'u0|lpddr2|pll0|pll_afi_clk'
Slack : 0.680
TNS   : 0.000

Type  : Slow 1100mV 0C Model Minimum Pulse Width 'u0|lpddr2|pll0|pll_dq_write_clk'
Slack : 0.818
TNS   : 0.000

Type  : Slow 1100mV 0C Model Minimum Pulse Width 'u0|lpddr2|ECE423_QSYS_lpddr2_p0_sampling_clock'
Slack : 1.510
TNS   : 0.000

Type  : Slow 1100mV 0C Model Minimum Pulse Width 'u0|video_pll|altera_pll_i|general[0].gpll~FRACTIONAL_PLL|vcoph[0]'
Slack : 1.666
TNS   : 0.000

Type  : Slow 1100mV 0C Model Minimum Pulse Width 'CLOCK_125_p'
Slack : 2.523
TNS   : 0.000

Type  : Slow 1100mV 0C Model Minimum Pulse Width 'u0|lpddr2|pll0|pll_avl_clk'
Slack : 6.103
TNS   : 0.000

Type  : Slow 1100mV 0C Model Minimum Pulse Width 'CLOCK_50_B7A'
Slack : 8.618
TNS   : 0.000

Type  : Slow 1100mV 0C Model Minimum Pulse Width 'CLOCK_50_B5B'
Slack : 9.741
TNS   : 0.000

Type  : Slow 1100mV 0C Model Minimum Pulse Width 'altera_reserved_tck'
Slack : 15.441
TNS   : 0.000

Type  : Slow 1100mV 0C Model Minimum Pulse Width 'u0|video_pll|altera_pll_i|general[0].gpll~PLL_OUTPUT_COUNTER|divclk'
Slack : 18.529
TNS   : 0.000

Type  : Slow 1100mV 0C Model Minimum Pulse Width 'u0|lpddr2|pll0|pll_config_clk'
Slack : 21.751
TNS   : 0.000

Type  : Fast 1100mV 85C Model Setup 'u0|lpddr2|pll0|pll_afi_clk'
Slack : 1.375
TNS   : 0.000

Type  : Fast 1100mV 85C Model Setup 'CLOCK_125_p'
Slack : 3.485
TNS   : 0.000

Type  : Fast 1100mV 85C Model Setup 'u0|lpddr2|pll0|pll_avl_clk'
Slack : 8.750
TNS   : 0.000

Type  : Fast 1100mV 85C Model Setup 'CLOCK_50_B7A'
Slack : 13.686
TNS   : 0.000

Type  : Fast 1100mV 85C Model Setup 'altera_reserved_tck'
Slack : 15.207
TNS   : 0.000

Type  : Fast 1100mV 85C Model Setup 'u0|lpddr2|pll0|pll_config_clk'
Slack : 19.547
TNS   : 0.000

Type  : Fast 1100mV 85C Model Setup 'u0|video_pll|altera_pll_i|general[0].gpll~PLL_OUTPUT_COUNTER|divclk'
Slack : 37.588
TNS   : 0.000

Type  : Fast 1100mV 85C Model Hold 'CLOCK_125_p'
Slack : 0.077
TNS   : 0.000

Type  : Fast 1100mV 85C Model Hold 'altera_reserved_tck'
Slack : 0.078
TNS   : 0.000

Type  : Fast 1100mV 85C Model Hold 'u0|lpddr2|pll0|pll_avl_clk'
Slack : 0.082
TNS   : 0.000

Type  : Fast 1100mV 85C Model Hold 'CLOCK_50_B7A'
Slack : 0.108
TNS   : 0.000

Type  : Fast 1100mV 85C Model Hold 'u0|lpddr2|pll0|pll_config_clk'
Slack : 0.161
TNS   : 0.000

Type  : Fast 1100mV 85C Model Hold 'u0|lpddr2|pll0|pll_afi_clk'
Slack : 0.164
TNS   : 0.000

Type  : Fast 1100mV 85C Model Hold 'u0|video_pll|altera_pll_i|general[0].gpll~PLL_OUTPUT_COUNTER|divclk'
Slack : 0.180
TNS   : 0.000

Type  : Fast 1100mV 85C Model Recovery 'u0|lpddr2|pll0|pll_afi_clk'
Slack : -2.482
TNS   : -40.332

Type  : Fast 1100mV 85C Model Recovery 'u0|lpddr2|pll0|pll_avl_clk'
Slack : -2.092
TNS   : -4.184

Type  : Fast 1100mV 85C Model Recovery 'u0|lpddr2|pll0|pll_config_clk'
Slack : -1.766
TNS   : -26.470

Type  : Fast 1100mV 85C Model Recovery 'CLOCK_125_p'
Slack : 4.469
TNS   : 0.000

Type  : Fast 1100mV 85C Model Recovery 'u0|video_pll|altera_pll_i|general[0].gpll~PLL_OUTPUT_COUNTER|divclk'
Slack : 4.970
TNS   : 0.000

Type  : Fast 1100mV 85C Model Recovery 'altera_reserved_tck'
Slack : 15.957
TNS   : 0.000

Type  : Fast 1100mV 85C Model Recovery 'CLOCK_50_B7A'
Slack : 16.518
TNS   : 0.000

Type  : Fast 1100mV 85C Model Removal 'u0|lpddr2|pll0|pll_avl_clk'
Slack : 0.232
TNS   : 0.000

Type  : Fast 1100mV 85C Model Removal 'CLOCK_50_B7A'
Slack : 0.275
TNS   : 0.000

Type  : Fast 1100mV 85C Model Removal 'CLOCK_125_p'
Slack : 0.315
TNS   : 0.000

Type  : Fast 1100mV 85C Model Removal 'u0|lpddr2|pll0|pll_afi_clk'
Slack : 0.358
TNS   : 0.000

Type  : Fast 1100mV 85C Model Removal 'altera_reserved_tck'
Slack : 0.445
TNS   : 0.000

Type  : Fast 1100mV 85C Model Removal 'u0|video_pll|altera_pll_i|general[0].gpll~PLL_OUTPUT_COUNTER|divclk'
Slack : 0.545
TNS   : 0.000

Type  : Fast 1100mV 85C Model Removal 'u0|lpddr2|pll0|pll_config_clk'
Slack : 0.710
TNS   : 0.000

Type  : Fast 1100mV 85C Model Minimum Pulse Width 'u0|lpddr2|pll0|pll_afi_clk'
Slack : 1.068
TNS   : 0.000

Type  : Fast 1100mV 85C Model Minimum Pulse Width 'u0|lpddr2|pll0|pll_dq_write_clk'
Slack : 1.149
TNS   : 0.000

Type  : Fast 1100mV 85C Model Minimum Pulse Width 'u0|lpddr2|ECE423_QSYS_lpddr2_p0_sampling_clock'
Slack : 1.514
TNS   : 0.000

Type  : Fast 1100mV 85C Model Minimum Pulse Width 'u0|video_pll|altera_pll_i|general[0].gpll~FRACTIONAL_PLL|vcoph[0]'
Slack : 1.666
TNS   : 0.000

Type  : Fast 1100mV 85C Model Minimum Pulse Width 'CLOCK_125_p'
Slack : 2.904
TNS   : 0.000

Type  : Fast 1100mV 85C Model Minimum Pulse Width 'u0|lpddr2|pll0|pll_avl_clk'
Slack : 6.460
TNS   : 0.000

Type  : Fast 1100mV 85C Model Minimum Pulse Width 'CLOCK_50_B7A'
Slack : 8.505
TNS   : 0.000

Type  : Fast 1100mV 85C Model Minimum Pulse Width 'CLOCK_50_B5B'
Slack : 9.336
TNS   : 0.000

Type  : Fast 1100mV 85C Model Minimum Pulse Width 'altera_reserved_tck'
Slack : 15.411
TNS   : 0.000

Type  : Fast 1100mV 85C Model Minimum Pulse Width 'u0|video_pll|altera_pll_i|general[0].gpll~PLL_OUTPUT_COUNTER|divclk'
Slack : 18.885
TNS   : 0.000

Type  : Fast 1100mV 85C Model Minimum Pulse Width 'u0|lpddr2|pll0|pll_config_clk'
Slack : 22.263
TNS   : 0.000

Type  : Fast 1100mV 0C Model Setup 'u0|lpddr2|pll0|pll_afi_clk'
Slack : 1.461
TNS   : 0.000

Type  : Fast 1100mV 0C Model Setup 'CLOCK_125_p'
Slack : 3.934
TNS   : 0.000

Type  : Fast 1100mV 0C Model Setup 'u0|lpddr2|pll0|pll_avl_clk'
Slack : 9.235
TNS   : 0.000

Type  : Fast 1100mV 0C Model Setup 'CLOCK_50_B7A'
Slack : 14.299
TNS   : 0.000

Type  : Fast 1100mV 0C Model Setup 'altera_reserved_tck'
Slack : 15.395
TNS   : 0.000

Type  : Fast 1100mV 0C Model Setup 'u0|lpddr2|pll0|pll_config_clk'
Slack : 19.789
TNS   : 0.000

Type  : Fast 1100mV 0C Model Setup 'u0|video_pll|altera_pll_i|general[0].gpll~PLL_OUTPUT_COUNTER|divclk'
Slack : 37.711
TNS   : 0.000

Type  : Fast 1100mV 0C Model Hold 'u0|lpddr2|pll0|pll_avl_clk'
Slack : 0.041
TNS   : 0.000

Type  : Fast 1100mV 0C Model Hold 'altera_reserved_tck'
Slack : 0.059
TNS   : 0.000

Type  : Fast 1100mV 0C Model Hold 'CLOCK_125_p'
Slack : 0.063
TNS   : 0.000

Type  : Fast 1100mV 0C Model Hold 'CLOCK_50_B7A'
Slack : 0.092
TNS   : 0.000

Type  : Fast 1100mV 0C Model Hold 'u0|lpddr2|pll0|pll_config_clk'
Slack : 0.148
TNS   : 0.000

Type  : Fast 1100mV 0C Model Hold 'u0|lpddr2|pll0|pll_afi_clk'
Slack : 0.149
TNS   : 0.000

Type  : Fast 1100mV 0C Model Hold 'u0|video_pll|altera_pll_i|general[0].gpll~PLL_OUTPUT_COUNTER|divclk'
Slack : 0.172
TNS   : 0.000

Type  : Fast 1100mV 0C Model Recovery 'u0|lpddr2|pll0|pll_afi_clk'
Slack : -2.403
TNS   : -38.765

Type  : Fast 1100mV 0C Model Recovery 'u0|lpddr2|pll0|pll_avl_clk'
Slack : -2.021
TNS   : -4.042

Type  : Fast 1100mV 0C Model Recovery 'u0|lpddr2|pll0|pll_config_clk'
Slack : -1.695
TNS   : -25.405

Type  : Fast 1100mV 0C Model Recovery 'CLOCK_125_p'
Slack : 4.869
TNS   : 0.000

Type  : Fast 1100mV 0C Model Recovery 'u0|video_pll|altera_pll_i|general[0].gpll~PLL_OUTPUT_COUNTER|divclk'
Slack : 5.407
TNS   : 0.000

Type  : Fast 1100mV 0C Model Recovery 'altera_reserved_tck'
Slack : 16.128
TNS   : 0.000

Type  : Fast 1100mV 0C Model Recovery 'CLOCK_50_B7A'
Slack : 16.938
TNS   : 0.000

Type  : Fast 1100mV 0C Model Removal 'u0|lpddr2|pll0|pll_avl_clk'
Slack : 0.163
TNS   : 0.000

Type  : Fast 1100mV 0C Model Removal 'CLOCK_50_B7A'
Slack : 0.226
TNS   : 0.000

Type  : Fast 1100mV 0C Model Removal 'CLOCK_125_p'
Slack : 0.246
TNS   : 0.000

Type  : Fast 1100mV 0C Model Removal 'u0|lpddr2|pll0|pll_afi_clk'
Slack : 0.328
TNS   : 0.000

Type  : Fast 1100mV 0C Model Removal 'altera_reserved_tck'
Slack : 0.384
TNS   : 0.000

Type  : Fast 1100mV 0C Model Removal 'u0|video_pll|altera_pll_i|general[0].gpll~PLL_OUTPUT_COUNTER|divclk'
Slack : 0.498
TNS   : 0.000

Type  : Fast 1100mV 0C Model Removal 'u0|lpddr2|pll0|pll_config_clk'
Slack : 0.673
TNS   : 0.000

Type  : Fast 1100mV 0C Model Minimum Pulse Width 'u0|lpddr2|pll0|pll_afi_clk'
Slack : 1.062
TNS   : 0.000

Type  : Fast 1100mV 0C Model Minimum Pulse Width 'u0|lpddr2|pll0|pll_dq_write_clk'
Slack : 1.147
TNS   : 0.000

Type  : Fast 1100mV 0C Model Minimum Pulse Width 'u0|lpddr2|ECE423_QSYS_lpddr2_p0_sampling_clock'
Slack : 1.513
TNS   : 0.000

Type  : Fast 1100mV 0C Model Minimum Pulse Width 'u0|video_pll|altera_pll_i|general[0].gpll~FRACTIONAL_PLL|vcoph[0]'
Slack : 1.666
TNS   : 0.000

Type  : Fast 1100mV 0C Model Minimum Pulse Width 'CLOCK_125_p'
Slack : 2.898
TNS   : 0.000

Type  : Fast 1100mV 0C Model Minimum Pulse Width 'u0|lpddr2|pll0|pll_avl_clk'
Slack : 6.463
TNS   : 0.000

Type  : Fast 1100mV 0C Model Minimum Pulse Width 'CLOCK_50_B7A'
Slack : 8.559
TNS   : 0.000

Type  : Fast 1100mV 0C Model Minimum Pulse Width 'CLOCK_50_B5B'
Slack : 9.286
TNS   : 0.000

Type  : Fast 1100mV 0C Model Minimum Pulse Width 'altera_reserved_tck'
Slack : 15.375
TNS   : 0.000

Type  : Fast 1100mV 0C Model Minimum Pulse Width 'u0|video_pll|altera_pll_i|general[0].gpll~PLL_OUTPUT_COUNTER|divclk'
Slack : 18.888
TNS   : 0.000

Type  : Fast 1100mV 0C Model Minimum Pulse Width 'u0|lpddr2|pll0|pll_config_clk'
Slack : 22.257
TNS   : 0.000

------------------------------------------------------------
Info: see the "DDR report" for DDR timing results
------------------------------------------------------------
------------------------------------------------------------
