Flow report for ECE423_C5G
Wed Feb 22 14:11:19 2017
Quartus Prime Version 15.1.0 Build 185 10/21/2015 SJ Standard Edition


---------------------
; Table of Contents ;
---------------------
  1. Legal Notice
  2. Flow Summary
  3. Flow Settings
  4. Flow Non-Default Global Settings
  5. Flow Elapsed Time
  6. Flow OS Summary
  7. Flow Log
  8. Flow Messages
  9. Flow Suppressed Messages



----------------
; Legal Notice ;
----------------
Copyright (C) 1991-2015 Altera Corporation. All rights reserved.
Your use of Altera Corporation's design tools, logic functions 
and other software and tools, and its AMPP partner logic 
functions, and any output files from any of the foregoing 
(including device programming or simulation files), and any 
associated documentation or information are expressly subject 
to the terms and conditions of the Altera Program License 
Subscription Agreement, the Altera Quartus Prime License Agreement,
the Altera MegaCore Function License Agreement, or other 
applicable license agreement, including, without limitation, 
that your use is for the sole purpose of programming logic 
devices manufactured by Altera and sold by Altera or its 
authorized distributors.  Please refer to the applicable 
agreement for further details.



+-----------------------------------------------------------------------------------+
; Flow Summary                                                                      ;
+---------------------------------+-------------------------------------------------+
; Flow Status                     ; Successful - Wed Feb 22 14:05:34 2017           ;
; Quartus Prime Version           ; 15.1.0 Build 185 10/21/2015 SJ Standard Edition ;
; Revision Name                   ; ECE423_C5G                                      ;
; Top-level Entity Name           ; ECE423_C5G                                      ;
; Family                          ; Cyclone V                                       ;
; Device                          ; 5CGXFC5C6F27C7                                  ;
; Timing Models                   ; Final                                           ;
; Logic utilization (in ALMs)     ; 19,013 / 29,080 ( 65 % )                        ;
; Total registers                 ; 28268                                           ;
; Total pins                      ; 204 / 364 ( 56 % )                              ;
; Total virtual pins              ; 0                                               ;
; Total block memory bits         ; 463,752 / 4,567,040 ( 10 % )                    ;
; Total DSP Blocks                ; 99 / 150 ( 66 % )                               ;
; Total HSSI RX PCSs              ; 0 / 6 ( 0 % )                                   ;
; Total HSSI PMA RX Deserializers ; 0 / 6 ( 0 % )                                   ;
; Total HSSI TX PCSs              ; 0 / 6 ( 0 % )                                   ;
; Total HSSI PMA TX Serializers   ; 0 / 6 ( 0 % )                                   ;
; Total PLLs                      ; 2 / 12 ( 17 % )                                 ;
; Total DLLs                      ; 1 / 4 ( 25 % )                                  ;
+---------------------------------+-------------------------------------------------+


+-----------------------------------------+
; Flow Settings                           ;
+-------------------+---------------------+
; Option            ; Setting             ;
+-------------------+---------------------+
; Start date & time ; 02/22/2017 13:15:23 ;
; Main task         ; Compilation         ;
; Revision Name     ; ECE423_C5G          ;
+-------------------+---------------------+


+-------------------------------------------------------------------------------------------------------------------------------------------------+
; Flow Non-Default Global Settings                                                                                                                ;
+--------------------------------------+---------------------------------------------------------------+---------------+-------------+------------+
; Assignment Name                      ; Value                                                         ; Default Value ; Entity Name ; Section Id ;
+--------------------------------------+---------------------------------------------------------------+---------------+-------------+------------+
; COMPILER_SIGNATURE_ID                ; 9210263402984.148778731107512                                 ; --            ; --          ; --         ;
; FITTER_EFFORT                        ; Standard Fit                                                  ; Auto Fit      ; --          ; --         ;
; MAX_CORE_JUNCTION_TEMP               ; 85                                                            ; --            ; --          ; --         ;
; MIN_CORE_JUNCTION_TEMP               ; 0                                                             ; --            ; --          ; --         ;
; MISC_FILE                            ; ECE423_QSYS/synthesis/../ECE423_QSYS.cmp                      ; --            ; --          ; --         ;
; MISC_FILE                            ; ECE423_QSYS/synthesis/../../ECE423_QSYS.qsys                  ; --            ; --          ; --         ;
; MUX_RESTRUCTURE                      ; Off                                                           ; Auto          ; --          ; --         ;
; OPTIMIZATION_MODE                    ; Aggressive Performance                                        ; Balanced      ; --          ; --         ;
; OPTIMIZATION_TECHNIQUE               ; Speed                                                         ; Balanced      ; --          ; --         ;
; PARTITION_COLOR                      ; 16764057                                                      ; --            ; --          ; Top        ;
; PARTITION_FITTER_PRESERVATION_LEVEL  ; PLACEMENT_AND_ROUTING                                         ; --            ; --          ; Top        ;
; PARTITION_NETLIST_TYPE               ; SOURCE                                                        ; --            ; --          ; Top        ;
; PHYSICAL_SYNTHESIS_COMBO_LOGIC       ; On                                                            ; Off           ; --          ; --         ;
; PHYSICAL_SYNTHESIS_REGISTER_RETIMING ; On                                                            ; Off           ; --          ; --         ;
; PLACEMENT_EFFORT_MULTIPLIER          ; 4.0                                                           ; 1.0           ; --          ; --         ;
; POWER_BOARD_THERMAL_MODEL            ; None (CONSERVATIVE)                                           ; --            ; --          ; --         ;
; POWER_PRESET_COOLING_SOLUTION        ; 23 MM HEAT SINK WITH 200 LFPM AIRFLOW                         ; --            ; --          ; --         ;
; ROUTER_TIMING_OPTIMIZATION_LEVEL     ; MAXIMUM                                                       ; Normal        ; --          ; --         ;
; SLD_FILE                             ; ECE423_QSYS/synthesis/ECE423_QSYS.regmap                      ; --            ; --          ; --         ;
; SLD_FILE                             ; ECE423_QSYS/synthesis/ECE423_QSYS.debuginfo                   ; --            ; --          ; --         ;
; SLD_INFO                             ; QSYS_NAME ECE423_QSYS HAS_SOPCINFO 1 GENERATION_ID 1487786944 ; --            ; ECE423_QSYS ; --         ;
; SOPCINFO_FILE                        ; ECE423_QSYS/synthesis/../../ECE423_QSYS.sopcinfo              ; --            ; --          ; --         ;
; SPECTRAQ_PHYSICAL_SYNTHESIS          ; On                                                            ; Off           ; --          ; --         ;
; SYNTHESIS_ONLY_QIP                   ; On                                                            ; --            ; --          ; --         ;
+--------------------------------------+---------------------------------------------------------------+---------------+-------------+------------+


+-------------------------------------------------------------------------------------------------------------------------------+
; Flow Elapsed Time                                                                                                             ;
+---------------------------+--------------+-------------------------+---------------------+------------------------------------+
; Module Name               ; Elapsed Time ; Average Processors Used ; Peak Virtual Memory ; Total CPU Time (on all processors) ;
+---------------------------+--------------+-------------------------+---------------------+------------------------------------+
; Analysis & Synthesis      ; 00:05:48     ; 1.2                     ; 2131 MB             ; 00:07:47                           ;
; Fitter                    ; 00:42:22     ; 1.2                     ; 4494 MB             ; 01:06:51                           ;
; Assembler                 ; 00:00:52     ; 1.0                     ; 1285 MB             ; 00:00:52                           ;
; TimeQuest Timing Analyzer ; 00:05:34     ; 1.4                     ; 3058 MB             ; 00:07:50                           ;
; Total                     ; 00:54:36     ; --                      ; --                  ; 01:23:20                           ;
+---------------------------+--------------+-------------------------+---------------------+------------------------------------+


+----------------------------------------------------------------------------------------+
; Flow OS Summary                                                                        ;
+---------------------------+------------------+-----------+------------+----------------+
; Module Name               ; Machine Hostname ; OS Name   ; OS Version ; Processor type ;
+---------------------------+------------------+-----------+------------+----------------+
; Analysis & Synthesis      ; ECE-CPUIO24      ; Windows 8 ; 6.2        ; x86_64         ;
; Fitter                    ; ECE-CPUIO24      ; Windows 8 ; 6.2        ; x86_64         ;
; Assembler                 ; ECE-CPUIO24      ; Windows 8 ; 6.2        ; x86_64         ;
; TimeQuest Timing Analyzer ; ECE-CPUIO24      ; Windows 8 ; 6.2        ; x86_64         ;
+---------------------------+------------------+-----------+------------+----------------+


------------
; Flow Log ;
------------
quartus_map --read_settings_files=on --write_settings_files=off ECE423_C5G -c ECE423_C5G
quartus_fit --read_settings_files=off --write_settings_files=off ECE423_C5G -c ECE423_C5G
quartus_asm --read_settings_files=off --write_settings_files=off ECE423_C5G -c ECE423_C5G
quartus_sta ECE423_C5G -c ECE423_C5G



