------------------------------------------------------------
TimeQuest Timing Analyzer Summary
------------------------------------------------------------

Type  : Slow 1100mV 85C Model Setup 'CLOCK_125_p'
Slack : -1.321
TNS   : -1345.362

Type  : Slow 1100mV 85C Model Setup 'u0|lpddr2|pll0|pll_afi_clk'
Slack : 0.111
TNS   : 0.000

Type  : Slow 1100mV 85C Model Setup 'u0|lpddr2|pll0|pll_avl_clk'
Slack : 2.739
TNS   : 0.000

Type  : Slow 1100mV 85C Model Setup 'CLOCK_50_B7A'
Slack : 8.085
TNS   : 0.000

Type  : Slow 1100mV 85C Model Setup 'altera_reserved_tck'
Slack : 11.253
TNS   : 0.000

Type  : Slow 1100mV 85C Model Setup 'u0|lpddr2|pll0|pll_config_clk'
Slack : 16.203
TNS   : 0.000

Type  : Slow 1100mV 85C Model Setup 'u0|video_pll|altera_pll_i|general[0].gpll~PLL_OUTPUT_COUNTER|divclk'
Slack : 34.999
TNS   : 0.000

Type  : Slow 1100mV 85C Model Hold 'CLOCK_50_B7A'
Slack : 0.113
TNS   : 0.000

Type  : Slow 1100mV 85C Model Hold 'u0|lpddr2|pll0|pll_afi_clk'
Slack : 0.160
TNS   : 0.000

Type  : Slow 1100mV 85C Model Hold 'CLOCK_125_p'
Slack : 0.271
TNS   : 0.000

Type  : Slow 1100mV 85C Model Hold 'u0|video_pll|altera_pll_i|general[0].gpll~PLL_OUTPUT_COUNTER|divclk'
Slack : 0.316
TNS   : 0.000

Type  : Slow 1100mV 85C Model Hold 'u0|lpddr2|pll0|pll_config_clk'
Slack : 0.348
TNS   : 0.000

Type  : Slow 1100mV 85C Model Hold 'u0|lpddr2|pll0|pll_avl_clk'
Slack : 0.379
TNS   : 0.000

Type  : Slow 1100mV 85C Model Hold 'altera_reserved_tck'
Slack : 0.414
TNS   : 0.000

Type  : Slow 1100mV 85C Model Recovery 'u0|lpddr2|pll0|pll_afi_clk'
Slack : -4.861
TNS   : -71.274

Type  : Slow 1100mV 85C Model Recovery 'u0|lpddr2|pll0|pll_avl_clk'
Slack : -3.814
TNS   : -7.623

Type  : Slow 1100mV 85C Model Recovery 'u0|lpddr2|pll0|pll_config_clk'
Slack : -3.020
TNS   : -45.256

Type  : Slow 1100mV 85C Model Recovery 'CLOCK_125_p'
Slack : 0.764
TNS   : 0.000

Type  : Slow 1100mV 85C Model Recovery 'u0|video_pll|altera_pll_i|general[0].gpll~PLL_OUTPUT_COUNTER|divclk'
Slack : 3.395
TNS   : 0.000

Type  : Slow 1100mV 85C Model Recovery 'CLOCK_50_B7A'
Slack : 12.991
TNS   : 0.000

Type  : Slow 1100mV 85C Model Recovery 'altera_reserved_tck'
Slack : 14.395
TNS   : 0.000

Type  : Slow 1100mV 85C Model Removal 'u0|lpddr2|pll0|pll_avl_clk'
Slack : 0.004
TNS   : 0.000

Type  : Slow 1100mV 85C Model Removal 'CLOCK_50_B7A'
Slack : 0.484
TNS   : 0.000

Type  : Slow 1100mV 85C Model Removal 'CLOCK_125_p'
Slack : 0.638
TNS   : 0.000

Type  : Slow 1100mV 85C Model Removal 'u0|lpddr2|pll0|pll_afi_clk'
Slack : 0.640
TNS   : 0.000

Type  : Slow 1100mV 85C Model Removal 'u0|lpddr2|pll0|pll_config_clk'
Slack : 0.642
TNS   : 0.000

Type  : Slow 1100mV 85C Model Removal 'u0|video_pll|altera_pll_i|general[0].gpll~PLL_OUTPUT_COUNTER|divclk'
Slack : 0.817
TNS   : 0.000

Type  : Slow 1100mV 85C Model Removal 'altera_reserved_tck'
Slack : 1.028
TNS   : 0.000

Type  : Slow 1100mV 85C Model Minimum Pulse Width 'u0|lpddr2|pll0|pll_afi_clk'
Slack : 0.757
TNS   : 0.000

Type  : Slow 1100mV 85C Model Minimum Pulse Width 'u0|lpddr2|pll0|pll_dq_write_clk'
Slack : 0.810
TNS   : 0.000

Type  : Slow 1100mV 85C Model Minimum Pulse Width 'u0|lpddr2|ECE423_QSYS_lpddr2_p0_sampling_clock'
Slack : 1.512
TNS   : 0.000

Type  : Slow 1100mV 85C Model Minimum Pulse Width 'u0|video_pll|altera_pll_i|general[0].gpll~FRACTIONAL_PLL|vcoph[0]'
Slack : 1.666
TNS   : 0.000

Type  : Slow 1100mV 85C Model Minimum Pulse Width 'CLOCK_125_p'
Slack : 2.577
TNS   : 0.000

Type  : Slow 1100mV 85C Model Minimum Pulse Width 'u0|lpddr2|pll0|pll_avl_clk'
Slack : 6.175
TNS   : 0.000

Type  : Slow 1100mV 85C Model Minimum Pulse Width 'CLOCK_50_B7A'
Slack : 8.672
TNS   : 0.000

Type  : Slow 1100mV 85C Model Minimum Pulse Width 'CLOCK_50_B5B'
Slack : 9.731
TNS   : 0.000

Type  : Slow 1100mV 85C Model Minimum Pulse Width 'altera_reserved_tck'
Slack : 15.474
TNS   : 0.000

Type  : Slow 1100mV 85C Model Minimum Pulse Width 'u0|video_pll|altera_pll_i|general[0].gpll~PLL_OUTPUT_COUNTER|divclk'
Slack : 18.575
TNS   : 0.000

Type  : Slow 1100mV 85C Model Minimum Pulse Width 'u0|lpddr2|pll0|pll_config_clk'
Slack : 21.962
TNS   : 0.000

Type  : Slow 1100mV 0C Model Setup 'CLOCK_125_p'
Slack : -1.694
TNS   : -1975.770

Type  : Slow 1100mV 0C Model Setup 'u0|lpddr2|pll0|pll_afi_clk'
Slack : 0.180
TNS   : 0.000

Type  : Slow 1100mV 0C Model Setup 'u0|lpddr2|pll0|pll_avl_clk'
Slack : 2.784
TNS   : 0.000

Type  : Slow 1100mV 0C Model Setup 'CLOCK_50_B7A'
Slack : 8.231
TNS   : 0.000

Type  : Slow 1100mV 0C Model Setup 'altera_reserved_tck'
Slack : 11.378
TNS   : 0.000

Type  : Slow 1100mV 0C Model Setup 'u0|lpddr2|pll0|pll_config_clk'
Slack : 16.015
TNS   : 0.000

Type  : Slow 1100mV 0C Model Setup 'u0|video_pll|altera_pll_i|general[0].gpll~PLL_OUTPUT_COUNTER|divclk'
Slack : 34.940
TNS   : 0.000

Type  : Slow 1100mV 0C Model Hold 'CLOCK_50_B7A'
Slack : 0.091
TNS   : 0.000

Type  : Slow 1100mV 0C Model Hold 'CLOCK_125_p'
Slack : 0.129
TNS   : 0.000

Type  : Slow 1100mV 0C Model Hold 'u0|lpddr2|pll0|pll_afi_clk'
Slack : 0.210
TNS   : 0.000

Type  : Slow 1100mV 0C Model Hold 'u0|video_pll|altera_pll_i|general[0].gpll~PLL_OUTPUT_COUNTER|divclk'
Slack : 0.295
TNS   : 0.000

Type  : Slow 1100mV 0C Model Hold 'u0|lpddr2|pll0|pll_config_clk'
Slack : 0.322
TNS   : 0.000

Type  : Slow 1100mV 0C Model Hold 'u0|lpddr2|pll0|pll_avl_clk'
Slack : 0.360
TNS   : 0.000

Type  : Slow 1100mV 0C Model Hold 'altera_reserved_tck'
Slack : 0.421
TNS   : 0.000

Type  : Slow 1100mV 0C Model Recovery 'u0|lpddr2|pll0|pll_afi_clk'
Slack : -4.674
TNS   : -69.310

Type  : Slow 1100mV 0C Model Recovery 'u0|lpddr2|pll0|pll_avl_clk'
Slack : -3.723
TNS   : -7.439

Type  : Slow 1100mV 0C Model Recovery 'u0|lpddr2|pll0|pll_config_clk'
Slack : -2.922
TNS   : -43.791

Type  : Slow 1100mV 0C Model Recovery 'CLOCK_125_p'
Slack : 0.966
TNS   : 0.000

Type  : Slow 1100mV 0C Model Recovery 'u0|video_pll|altera_pll_i|general[0].gpll~PLL_OUTPUT_COUNTER|divclk'
Slack : 3.729
TNS   : 0.000

Type  : Slow 1100mV 0C Model Recovery 'CLOCK_50_B7A'
Slack : 13.178
TNS   : 0.000

Type  : Slow 1100mV 0C Model Recovery 'altera_reserved_tck'
Slack : 14.550
TNS   : 0.000

Type  : Slow 1100mV 0C Model Removal 'u0|lpddr2|pll0|pll_avl_clk'
Slack : 0.060
TNS   : 0.000

Type  : Slow 1100mV 0C Model Removal 'CLOCK_125_p'
Slack : 0.477
TNS   : 0.000

Type  : Slow 1100mV 0C Model Removal 'CLOCK_50_B7A'
Slack : 0.483
TNS   : 0.000

Type  : Slow 1100mV 0C Model Removal 'u0|lpddr2|pll0|pll_afi_clk'
Slack : 0.533
TNS   : 0.000

Type  : Slow 1100mV 0C Model Removal 'u0|video_pll|altera_pll_i|general[0].gpll~PLL_OUTPUT_COUNTER|divclk'
Slack : 0.578
TNS   : 0.000

Type  : Slow 1100mV 0C Model Removal 'u0|lpddr2|pll0|pll_config_clk'
Slack : 0.647
TNS   : 0.000

Type  : Slow 1100mV 0C Model Removal 'altera_reserved_tck'
Slack : 0.925
TNS   : 0.000

Type  : Slow 1100mV 0C Model Minimum Pulse Width 'u0|lpddr2|pll0|pll_afi_clk'
Slack : 0.690
TNS   : 0.000

Type  : Slow 1100mV 0C Model Minimum Pulse Width 'u0|lpddr2|pll0|pll_dq_write_clk'
Slack : 0.818
TNS   : 0.000

Type  : Slow 1100mV 0C Model Minimum Pulse Width 'u0|lpddr2|ECE423_QSYS_lpddr2_p0_sampling_clock'
Slack : 1.510
TNS   : 0.000

Type  : Slow 1100mV 0C Model Minimum Pulse Width 'u0|video_pll|altera_pll_i|general[0].gpll~FRACTIONAL_PLL|vcoph[0]'
Slack : 1.666
TNS   : 0.000

Type  : Slow 1100mV 0C Model Minimum Pulse Width 'CLOCK_125_p'
Slack : 2.522
TNS   : 0.000

Type  : Slow 1100mV 0C Model Minimum Pulse Width 'u0|lpddr2|pll0|pll_avl_clk'
Slack : 6.147
TNS   : 0.000

Type  : Slow 1100mV 0C Model Minimum Pulse Width 'CLOCK_50_B7A'
Slack : 8.618
TNS   : 0.000

Type  : Slow 1100mV 0C Model Minimum Pulse Width 'CLOCK_50_B5B'
Slack : 9.741
TNS   : 0.000

Type  : Slow 1100mV 0C Model Minimum Pulse Width 'altera_reserved_tck'
Slack : 15.445
TNS   : 0.000

Type  : Slow 1100mV 0C Model Minimum Pulse Width 'u0|video_pll|altera_pll_i|general[0].gpll~PLL_OUTPUT_COUNTER|divclk'
Slack : 18.535
TNS   : 0.000

Type  : Slow 1100mV 0C Model Minimum Pulse Width 'u0|lpddr2|pll0|pll_config_clk'
Slack : 21.891
TNS   : 0.000

Type  : Fast 1100mV 85C Model Setup 'u0|lpddr2|pll0|pll_afi_clk'
Slack : 1.375
TNS   : 0.000

Type  : Fast 1100mV 85C Model Setup 'CLOCK_125_p'
Slack : 2.412
TNS   : 0.000

Type  : Fast 1100mV 85C Model Setup 'u0|lpddr2|pll0|pll_avl_clk'
Slack : 8.388
TNS   : 0.000

Type  : Fast 1100mV 85C Model Setup 'CLOCK_50_B7A'
Slack : 13.246
TNS   : 0.000

Type  : Fast 1100mV 85C Model Setup 'altera_reserved_tck'
Slack : 14.329
TNS   : 0.000

Type  : Fast 1100mV 85C Model Setup 'u0|lpddr2|pll0|pll_config_clk'
Slack : 19.430
TNS   : 0.000

Type  : Fast 1100mV 85C Model Setup 'u0|video_pll|altera_pll_i|general[0].gpll~PLL_OUTPUT_COUNTER|divclk'
Slack : 37.490
TNS   : 0.000

Type  : Fast 1100mV 85C Model Hold 'CLOCK_50_B7A'
Slack : 0.086
TNS   : 0.000

Type  : Fast 1100mV 85C Model Hold 'altera_reserved_tck'
Slack : 0.123
TNS   : 0.000

Type  : Fast 1100mV 85C Model Hold 'CLOCK_125_p'
Slack : 0.150
TNS   : 0.000

Type  : Fast 1100mV 85C Model Hold 'u0|video_pll|altera_pll_i|general[0].gpll~PLL_OUTPUT_COUNTER|divclk'
Slack : 0.157
TNS   : 0.000

Type  : Fast 1100mV 85C Model Hold 'u0|lpddr2|pll0|pll_afi_clk'
Slack : 0.171
TNS   : 0.000

Type  : Fast 1100mV 85C Model Hold 'u0|lpddr2|pll0|pll_avl_clk'
Slack : 0.177
TNS   : 0.000

Type  : Fast 1100mV 85C Model Hold 'u0|lpddr2|pll0|pll_config_clk'
Slack : 0.180
TNS   : 0.000

Type  : Fast 1100mV 85C Model Recovery 'u0|lpddr2|pll0|pll_afi_clk'
Slack : -2.714
TNS   : -40.002

Type  : Fast 1100mV 85C Model Recovery 'u0|lpddr2|pll0|pll_avl_clk'
Slack : -2.139
TNS   : -4.277

Type  : Fast 1100mV 85C Model Recovery 'u0|lpddr2|pll0|pll_config_clk'
Slack : -1.733
TNS   : -25.989

Type  : Fast 1100mV 85C Model Recovery 'CLOCK_125_p'
Slack : 4.324
TNS   : 0.000

Type  : Fast 1100mV 85C Model Recovery 'u0|video_pll|altera_pll_i|general[0].gpll~PLL_OUTPUT_COUNTER|divclk'
Slack : 4.949
TNS   : 0.000

Type  : Fast 1100mV 85C Model Recovery 'altera_reserved_tck'
Slack : 15.892
TNS   : 0.000

Type  : Fast 1100mV 85C Model Recovery 'CLOCK_50_B7A'
Slack : 15.995
TNS   : 0.000

Type  : Fast 1100mV 85C Model Removal 'u0|lpddr2|pll0|pll_avl_clk'
Slack : 0.208
TNS   : 0.000

Type  : Fast 1100mV 85C Model Removal 'CLOCK_50_B7A'
Slack : 0.224
TNS   : 0.000

Type  : Fast 1100mV 85C Model Removal 'CLOCK_125_p'
Slack : 0.357
TNS   : 0.000

Type  : Fast 1100mV 85C Model Removal 'altera_reserved_tck'
Slack : 0.369
TNS   : 0.000

Type  : Fast 1100mV 85C Model Removal 'u0|lpddr2|pll0|pll_afi_clk'
Slack : 0.549
TNS   : 0.000

Type  : Fast 1100mV 85C Model Removal 'u0|lpddr2|pll0|pll_config_clk'
Slack : 0.671
TNS   : 0.000

Type  : Fast 1100mV 85C Model Removal 'u0|video_pll|altera_pll_i|general[0].gpll~PLL_OUTPUT_COUNTER|divclk'
Slack : 0.682
TNS   : 0.000

Type  : Fast 1100mV 85C Model Minimum Pulse Width 'u0|lpddr2|pll0|pll_afi_clk'
Slack : 1.069
TNS   : 0.000

Type  : Fast 1100mV 85C Model Minimum Pulse Width 'u0|lpddr2|pll0|pll_dq_write_clk'
Slack : 1.149
TNS   : 0.000

Type  : Fast 1100mV 85C Model Minimum Pulse Width 'u0|lpddr2|ECE423_QSYS_lpddr2_p0_sampling_clock'
Slack : 1.514
TNS   : 0.000

Type  : Fast 1100mV 85C Model Minimum Pulse Width 'u0|video_pll|altera_pll_i|general[0].gpll~FRACTIONAL_PLL|vcoph[0]'
Slack : 1.666
TNS   : 0.000

Type  : Fast 1100mV 85C Model Minimum Pulse Width 'CLOCK_125_p'
Slack : 2.906
TNS   : 0.000

Type  : Fast 1100mV 85C Model Minimum Pulse Width 'u0|lpddr2|pll0|pll_avl_clk'
Slack : 6.488
TNS   : 0.000

Type  : Fast 1100mV 85C Model Minimum Pulse Width 'CLOCK_50_B7A'
Slack : 8.533
TNS   : 0.000

Type  : Fast 1100mV 85C Model Minimum Pulse Width 'CLOCK_50_B5B'
Slack : 9.336
TNS   : 0.000

Type  : Fast 1100mV 85C Model Minimum Pulse Width 'altera_reserved_tck'
Slack : 15.425
TNS   : 0.000

Type  : Fast 1100mV 85C Model Minimum Pulse Width 'u0|video_pll|altera_pll_i|general[0].gpll~PLL_OUTPUT_COUNTER|divclk'
Slack : 18.890
TNS   : 0.000

Type  : Fast 1100mV 85C Model Minimum Pulse Width 'u0|lpddr2|pll0|pll_config_clk'
Slack : 22.266
TNS   : 0.000

Type  : Fast 1100mV 0C Model Setup 'u0|lpddr2|pll0|pll_afi_clk'
Slack : 1.461
TNS   : 0.000

Type  : Fast 1100mV 0C Model Setup 'CLOCK_125_p'
Slack : 3.170
TNS   : 0.000

Type  : Fast 1100mV 0C Model Setup 'u0|lpddr2|pll0|pll_avl_clk'
Slack : 9.096
TNS   : 0.000

Type  : Fast 1100mV 0C Model Setup 'CLOCK_50_B7A'
Slack : 13.914
TNS   : 0.000

Type  : Fast 1100mV 0C Model Setup 'altera_reserved_tck'
Slack : 14.657
TNS   : 0.000

Type  : Fast 1100mV 0C Model Setup 'u0|lpddr2|pll0|pll_config_clk'
Slack : 19.720
TNS   : 0.000

Type  : Fast 1100mV 0C Model Setup 'u0|video_pll|altera_pll_i|general[0].gpll~PLL_OUTPUT_COUNTER|divclk'
Slack : 37.689
TNS   : 0.000

Type  : Fast 1100mV 0C Model Hold 'CLOCK_125_p'
Slack : 0.067
TNS   : 0.000

Type  : Fast 1100mV 0C Model Hold 'CLOCK_50_B7A'
Slack : 0.098
TNS   : 0.000

Type  : Fast 1100mV 0C Model Hold 'altera_reserved_tck'
Slack : 0.106
TNS   : 0.000

Type  : Fast 1100mV 0C Model Hold 'u0|video_pll|altera_pll_i|general[0].gpll~PLL_OUTPUT_COUNTER|divclk'
Slack : 0.141
TNS   : 0.000

Type  : Fast 1100mV 0C Model Hold 'u0|lpddr2|pll0|pll_afi_clk'
Slack : 0.154
TNS   : 0.000

Type  : Fast 1100mV 0C Model Hold 'u0|lpddr2|pll0|pll_avl_clk'
Slack : 0.160
TNS   : 0.000

Type  : Fast 1100mV 0C Model Hold 'u0|lpddr2|pll0|pll_config_clk'
Slack : 0.163
TNS   : 0.000

Type  : Fast 1100mV 0C Model Recovery 'u0|lpddr2|pll0|pll_afi_clk'
Slack : -2.606
TNS   : -38.503

Type  : Fast 1100mV 0C Model Recovery 'u0|lpddr2|pll0|pll_avl_clk'
Slack : -2.064
TNS   : -4.127

Type  : Fast 1100mV 0C Model Recovery 'u0|lpddr2|pll0|pll_config_clk'
Slack : -1.667
TNS   : -24.990

Type  : Fast 1100mV 0C Model Recovery 'CLOCK_125_p'
Slack : 4.758
TNS   : 0.000

Type  : Fast 1100mV 0C Model Recovery 'u0|video_pll|altera_pll_i|general[0].gpll~PLL_OUTPUT_COUNTER|divclk'
Slack : 5.402
TNS   : 0.000

Type  : Fast 1100mV 0C Model Recovery 'altera_reserved_tck'
Slack : 16.073
TNS   : 0.000

Type  : Fast 1100mV 0C Model Recovery 'CLOCK_50_B7A'
Slack : 16.399
TNS   : 0.000

Type  : Fast 1100mV 0C Model Removal 'u0|lpddr2|pll0|pll_avl_clk'
Slack : 0.144
TNS   : 0.000

Type  : Fast 1100mV 0C Model Removal 'CLOCK_50_B7A'
Slack : 0.209
TNS   : 0.000

Type  : Fast 1100mV 0C Model Removal 'CLOCK_125_p'
Slack : 0.284
TNS   : 0.000

Type  : Fast 1100mV 0C Model Removal 'altera_reserved_tck'
Slack : 0.329
TNS   : 0.000

Type  : Fast 1100mV 0C Model Removal 'u0|lpddr2|pll0|pll_afi_clk'
Slack : 0.489
TNS   : 0.000

Type  : Fast 1100mV 0C Model Removal 'u0|video_pll|altera_pll_i|general[0].gpll~PLL_OUTPUT_COUNTER|divclk'
Slack : 0.618
TNS   : 0.000

Type  : Fast 1100mV 0C Model Removal 'u0|lpddr2|pll0|pll_config_clk'
Slack : 0.636
TNS   : 0.000

Type  : Fast 1100mV 0C Model Minimum Pulse Width 'u0|lpddr2|pll0|pll_afi_clk'
Slack : 1.063
TNS   : 0.000

Type  : Fast 1100mV 0C Model Minimum Pulse Width 'u0|lpddr2|pll0|pll_dq_write_clk'
Slack : 1.147
TNS   : 0.000

Type  : Fast 1100mV 0C Model Minimum Pulse Width 'u0|lpddr2|ECE423_QSYS_lpddr2_p0_sampling_clock'
Slack : 1.513
TNS   : 0.000

Type  : Fast 1100mV 0C Model Minimum Pulse Width 'u0|video_pll|altera_pll_i|general[0].gpll~FRACTIONAL_PLL|vcoph[0]'
Slack : 1.666
TNS   : 0.000

Type  : Fast 1100mV 0C Model Minimum Pulse Width 'CLOCK_125_p'
Slack : 2.899
TNS   : 0.000

Type  : Fast 1100mV 0C Model Minimum Pulse Width 'u0|lpddr2|pll0|pll_avl_clk'
Slack : 6.487
TNS   : 0.000

Type  : Fast 1100mV 0C Model Minimum Pulse Width 'CLOCK_50_B7A'
Slack : 8.551
TNS   : 0.000

Type  : Fast 1100mV 0C Model Minimum Pulse Width 'CLOCK_50_B5B'
Slack : 9.286
TNS   : 0.000

Type  : Fast 1100mV 0C Model Minimum Pulse Width 'altera_reserved_tck'
Slack : 15.408
TNS   : 0.000

Type  : Fast 1100mV 0C Model Minimum Pulse Width 'u0|video_pll|altera_pll_i|general[0].gpll~PLL_OUTPUT_COUNTER|divclk'
Slack : 18.891
TNS   : 0.000

Type  : Fast 1100mV 0C Model Minimum Pulse Width 'u0|lpddr2|pll0|pll_config_clk'
Slack : 22.263
TNS   : 0.000

------------------------------------------------------------
Info: see the "DDR report" for DDR timing results
------------------------------------------------------------
------------------------------------------------------------
